2025-11-09 20:14:39,816 - INFO - root - Successfully saved
2025-11-09 20:33:02,486 - INFO - root - Attempt 1 failed: name '_api_call' is not defined. Retrying in 5 seconds...
2025-11-09 20:33:07,492 - INFO - root - Attempt 2 failed: name '_api_call' is not defined. Retrying in 5 seconds...
2025-11-09 20:33:12,494 - ERROR - root - Failed to connect after multiple attempts
2025-11-09 20:39:56,889 - INFO - root - Saved 187 events to data/amp_data_final.json for dt range 20251104T09 - 20251104T10
2025-11-09 20:52:50,797 - INFO - root - Saved 187 events to data/amp_data_final.json for dt range 20251104T09 - 20251104T10
2025-11-09 20:54:27,675 - ERROR - root - Error pulling dashboard events: name '_amp_api_call' is not defined
2025-11-09 20:55:09,651 - INFO - root - Successfully saved
2025-11-09 20:55:31,769 - INFO - root - Successfully saved
2025-11-09 20:57:36,283 - INFO - root - Successfully saved list data: extracted 2025_11_09_T20-57-35
2025-11-09 20:58:11,015 - INFO - root - Successfully saved list data: extracted 2025_11_09_T20-58-10
2025-11-09 20:59:08,635 - INFO - root - Saved 187 events to data/amp_data_final.json for dt range 20251104T09 - 20251104T10
2025-11-09 21:00:56,970 - INFO - root - Saved 187 events to data/amp_data_final.json for dt range 20251104T09 - 20251104T10
2025-11-09 21:01:20,937 - INFO - root - Saved 187 events to data/amp_data_final.json for dt range 20251104T09 - 20251104T10
2025-11-09 21:01:44,905 - INFO - root - Attempt 1 failed: _unzipping_response() takes 2 positional arguments but 3 were given. Retrying in 5 seconds...
2025-11-09 21:01:51,051 - INFO - root - Attempt 2 failed: _unzipping_response() takes 2 positional arguments but 3 were given. Retrying in 5 seconds...
2025-11-09 21:01:57,501 - ERROR - root - Failed to connect after multiple attempts
2025-11-09 21:02:40,912 - INFO - root - Attempt 1 failed: _unzipping_response() takes 2 positional arguments but 3 were given. Retrying in 5 seconds...
2025-11-09 21:02:47,321 - INFO - root - Attempt 2 failed: _unzipping_response() takes 2 positional arguments but 3 were given. Retrying in 5 seconds...
2025-11-09 21:02:53,165 - ERROR - root - Failed to connect after multiple attempts
2025-11-09 21:03:45,947 - INFO - root - Attempt 1 failed: _unzipping_response() takes 2 positional arguments but 3 were given. Retrying in 5 seconds...
2025-11-09 21:03:51,976 - INFO - root - Attempt 2 failed: _unzipping_response() takes 2 positional arguments but 3 were given. Retrying in 5 seconds...
2025-11-09 21:03:57,809 - ERROR - root - Failed to connect after multiple attempts
2025-11-09 21:05:55,367 - INFO - root - Attempt 1 failed: _unzipping_response() takes 2 positional arguments but 3 were given. Retrying in 5 seconds...
2025-11-09 21:06:01,766 - INFO - root - Attempt 2 failed: _unzipping_response() takes 2 positional arguments but 3 were given. Retrying in 5 seconds...
2025-11-09 21:06:08,489 - ERROR - root - Failed to connect after multiple attempts
2025-11-09 21:07:57,108 - INFO - root - Attempt 1 failed: _unzipping_response() takes 2 positional arguments but 3 were given. Retrying in 5 seconds...
2025-11-09 21:08:02,858 - INFO - root - Attempt 2 failed: _unzipping_response() takes 2 positional arguments but 3 were given. Retrying in 5 seconds...
2025-11-09 21:08:09,097 - ERROR - root - Failed to connect after multiple attempts
2025-11-09 21:08:38,680 - INFO - root - Attempt 1 failed: _unzipping_response() takes 2 positional arguments but 3 were given. Retrying in 5 seconds...
2025-11-09 21:08:44,518 - INFO - root - Attempt 2 failed: _unzipping_response() takes 2 positional arguments but 3 were given. Retrying in 5 seconds...
2025-11-09 21:08:51,080 - ERROR - root - Failed to connect after multiple attempts
2025-11-09 21:09:08,086 - INFO - root - Attempt 1 failed: _unzipping_response() takes 2 positional arguments but 3 were given. Retrying in 5 seconds...
2025-11-09 21:09:14,627 - INFO - root - Attempt 2 failed: _unzipping_response() takes 2 positional arguments but 3 were given. Retrying in 5 seconds...
2025-11-09 21:09:20,971 - ERROR - root - Failed to connect after multiple attempts
2025-11-09 21:09:31,181 - INFO - root - Saved 187 events to data/amp_data_final.json for dt range 20251104T09 - 20251104T10
2025-11-09 21:10:34,607 - INFO - root - Attempt 1 failed: _unzipping_response() takes 2 positional arguments but 3 were given. Retrying in 5 seconds...
2025-11-09 21:10:40,437 - INFO - root - Attempt 2 failed: _unzipping_response() takes 2 positional arguments but 3 were given. Retrying in 5 seconds...
2025-11-09 21:10:46,479 - ERROR - root - Failed to connect after multiple attempts
2025-11-09 21:14:53,033 - INFO - root - Attempt 1 failed: _unzipping_response() takes 2 positional arguments but 3 were given. Retrying in 5 seconds...
2025-11-09 21:14:58,891 - INFO - root - Attempt 2 failed: _unzipping_response() takes 2 positional arguments but 3 were given. Retrying in 5 seconds...
2025-11-09 21:15:04,726 - ERROR - root - Failed to connect after multiple attempts
2025-11-09 21:23:05,067 - INFO - root - Attempt 1 failed: _unzipping_response() takes 2 positional arguments but 3 were given. Retrying in 5 seconds...
2025-11-09 21:23:11,530 - INFO - root - Attempt 2 failed: _unzipping_response() takes 2 positional arguments but 3 were given. Retrying in 5 seconds...
2025-11-09 21:23:17,778 - ERROR - root - Failed to connect after multiple attempts
